Iteration	Replicate_ID	Posterior	Likelihood	Prior	sigma2
0	0	-45.24683	-46.03178	0.784943	0.04952539
1	1	-124457.5	-124466.6	9.067286	1.252714e-05
2	0	-37.33989	-37.4746	0.1347159	0.09488945
3	1	-25992.85	-26000.35	7.502833	5.988046e-05
4	0	-37.32649	-37.45874	0.1322453	0.09512418
5	1	-9571.355	-9577.862	6.506602	0.0001621598
6	0	-37.09072	-37.17601	0.08529061	0.09969723
7	1	-1806.978	-1811.829	4.851358	0.0008488019
8	0	-38.31427	-38.59448	0.2802093	0.08204101
9	1	-1068.39	-1072.722	4.332234	0.001426458
10	0	-38.22953	-38.49903	0.2695026	0.08292411
11	1	-235.8177	-238.6524	2.834643	0.006377561
12	0	-37.86171	-38.08116	0.2194596	0.08717947
13	1	-77.76802	-79.39771	1.629694	0.0212793
14	0	-37.55473	-37.7268	0.1720689	0.09141043
15	1	-40.37883	-40.86348	0.4846436	0.06687231
16	0	-38.42036	-38.71361	0.2932431	0.08097864
17	1	-38.50408	-38.80734	0.303255	0.08017193
18	0	-38.10447	-38.35764	0.2531767	0.08428903
19	1	-39.10386	-39.47292	0.3690661	0.0750656
20	0	-38.65287	-38.97337	0.3205005	0.07880118
21	1	-38.24315	-38.51439	0.2712422	0.08277999
22	0	-38.909	-39.25771	0.3487101	0.07660929
23	1	-38.24224	-38.51336	0.2711254	0.08278965
24	0	-37.96684	-38.20126	0.2344163	0.08588525
25	1	-38.90279	-39.25084	0.3480466	0.07666014
26	0	-37.10485	-37.19317	0.08831448	0.09939621
27	1	-37.46855	-37.62612	0.1575682	0.0927456
28	0	-37.19708	-37.30443	0.1073485	0.0975222
29	1	-37.58885	-37.7665	0.1776484	0.09090182
30	0	-38.26319	-38.53698	0.2737885	0.08256947
31	1	-37.10914	-37.19837	0.08922654	0.0993056
32	0	-37.08368	-37.16745	0.08377019	0.09984892
33	1	-37.4339	-37.58547	0.1515643	0.09330411
34	0	-37.08368	-37.16745	0.08377019	0.09984892
35	1	-37.19994	-37.30786	0.107919	0.09746657
36	0	-38.75164	-39.08323	0.3315887	0.07793224
37	1	-37.19994	-37.30786	0.107919	0.09746657
38	0	-37.68178	-37.8742	0.1924237	0.08956859
39	1	-37.4364	-37.5884	0.1520007	0.0932634
40	0	-37.44236	-37.59539	0.1530387	0.09316664
41	1	-37.76899	-37.97476	0.2057706	0.08838108
42	0	-37.44236	-37.59539	0.1530387	0.09316664
43	1	-38.26247	-38.53617	0.2736972	0.08257701
44	0	-38.29648	-38.57446	0.2779844	0.08222374
45	1	-37.36915	-37.5092	0.1400514	0.09438452
46	0	-38.7898	-39.1256	0.3357999	0.07760474
47	1	-37.59508	-37.77374	0.1786584	0.09081006
48	0	-37.53526	-37.70411	0.1688448	0.09170562
49	1	-37.71767	-37.91565	0.1979754	0.08907271
50	0	-37.62184	-37.8048	0.182963	0.09041999
51	1	-38.11184	-38.366	0.2541581	0.08420636
52	0	-40.77442	-41.29022	0.5158013	0.06482084
53	1	-37.72002	-37.91836	0.1983352	0.08904067
54	0	-37.45646	-37.61195	0.1554852	0.09293899
55	1	-37.56812	-37.74239	0.1742685	0.09120958
56	0	-37.94177	-38.17267	0.2309008	0.08618771
57	1	-37.94918	-38.18113	0.231944	0.08609785
58	0	-37.15544	-37.25434	0.09889992	0.09834961
59	1	-37.55869	-37.73141	0.1727201	0.09135092
60	0	-37.45599	-37.61139	0.1554031	0.09294662
61	1	-37.66116	-37.85036	0.1891969	0.08985808
62	0	-37.45599	-37.61139	0.1554031	0.09294662
63	1	-38.13813	-38.39576	0.2576353	0.08391406
64	0	-37.30222	-37.42994	0.1277188	0.09555573
65	1	-37.41504	-37.56329	0.1482503	0.09361383
66	0	-37.22252	-37.33492	0.1123983	0.09703096
67	1	-37.1581	-37.25755	0.09944729	0.09829579
68	0	-37.78133	-37.98895	0.2076217	0.08821763
69	1	-37.64594	-37.83274	0.186797	0.09007399
70	0	-37.80665	-38.01804	0.2113907	0.08788576
71	1	-37.38717	-37.53047	0.1432952	0.09407885
72	0	-38.3807	-38.66912	0.2884177	0.08137033
73	1	-37.46593	-37.62305	0.1571181	0.09278735
74	0	-37.96069	-38.19424	0.2335566	0.08595913
75	1	-37.18564	-37.2907	0.1050506	0.09774654
76	0	-37.30135	-37.42891	0.1275559	0.0955713
77	1	-37.21618	-37.32732	0.111146	0.09715256
78	0	-37.53741	-37.70661	0.1692021	0.09167286
79	1	-38.00741	-38.24745	0.240039	0.0854037
80	0	-37.42316	-37.57284	0.1496803	0.09348006
81	1	-37.07801	-37.16056	0.08254333	0.0999715
82	0	-38.12115	-38.37654	0.2553927	0.08410245
83	1	-42.16104	-42.77398	0.6129374	0.05882054
84	0	-37.1661	-37.26718	0.1010851	0.09813493
85	1	-37.58711	-37.76447	0.1773659	0.09092751
86	0	-37.38331	-37.52591	0.1426022	0.09414407
87	1	-37.82149	-38.03507	0.2135821	0.08769337
88	0	-37.38697	-37.53022	0.1432583	0.09408232
89	1	-37.58248	-37.75909	0.1766132	0.09099597
90	0	-37.33691	-37.47108	0.1341693	0.09494134
91	1	-37.95304	-38.18552	0.2324851	0.08605128
92	0	-37.54536	-37.71588	0.1705203	0.09155209
93	1	-37.99749	-38.23616	0.2386716	0.08552057
94	0	-38.57806	-38.88997	0.3119139	0.07948073
95	1	-38.02208	-38.26414	0.2420527	0.0852319
96	0	-38.68198	-39.00577	0.3237966	0.07854187
97	1	-37.46045	-37.61662	0.1561737	0.09287502
98	0	-38.41018	-38.70219	0.2920091	0.08107863
99	1	-41.06119	-41.5985	0.5373173	0.06344105
100	0	-37.10293	-37.19084	0.08790539	0.09943688
101	1	-38.01496	-38.25603	0.2410761	0.08531518
102	0	-39.54092	-39.9527	0.411778	0.07192691
103	1	-38.38147	-38.66998	0.2885113	0.08136272
104	0	-38.14793	-38.40686	0.2589246	0.08380593
105	1	-37.83446	-38.04995	0.2154883	0.08752637
106	0	-38.07892	-38.32868	0.2497604	0.08457748
107	1	-37.11353	-37.20369	0.09015768	0.09921317
108	0	-37.86189	-38.08138	0.2194867	0.08717711
109	1	-38.10337	-38.3564	0.2530299	0.08430141
110	0	-37.35786	-37.49586	0.1380025	0.0945781
111	1	-37.20319	-37.31175	0.1085671	0.09740342
112	0	-38.92028	-39.27019	0.3499133	0.07651717
113	1	-38.12914	-38.38559	0.2564501	0.08401358
114	0	-39.5626	-39.9764	0.4138011	0.07178154
115	1	-37.19833	-37.30593	0.1075972	0.09749794
116	0	-37.20856	-37.3182	0.1096368	0.09729929
117	1	-37.38598	-37.52906	0.1430813	0.09409898
118	0	-37.30171	-37.42933	0.1276236	0.09556483
119	1	-37.38585	-37.52891	0.1430591	0.09410107
120	0	-37.39818	-37.54344	0.1452612	0.09389407
121	1	-38.1831	-38.44661	0.2635165	0.083422
122	0	-37.39818	-37.54344	0.1452612	0.09389407
123	1	-39.53794	-39.94944	0.411499	0.07194698
124	0	-37.57816	-37.75407	0.1759101	0.09105997
125	1	-38.25174	-38.52408	0.2723358	0.08268951
126	0	-37.24927	-37.36689	0.1176214	0.09652548
127	1	-37.62211	-37.80512	0.1830061	0.0904161
128	0	-37.1223	-37.21431	0.09200858	0.09902971
129	1	-38.78895	-39.12465	0.3357063	0.07761201
130	0	-37.3271	-37.45946	0.132358	0.09511346
131	1	-37.84366	-38.06049	0.2168335	0.08740871
132	0	-38.23014	-38.49972	0.2695805	0.08291765
133	1	-37.46576	-37.62284	0.1570881	0.09279014
134	0	-38.14941	-38.40852	0.259118	0.08378973
135	1	-38.04921	-38.29496	0.24575	0.08491736
136	0	-38.14941	-38.40852	0.259118	0.08378973
137	1	-37.32806	-37.46059	0.1325347	0.09509665
138	0	-37.91108	-38.13763	0.2265548	0.0865631
139	1	-38.58952	-38.90276	0.3132402	0.07937538
140	0	-37.65023	-37.8377	0.1874742	0.09001302
141	1	-37.18038	-37.28437	0.1039876	0.09785051
142	0	-37.24207	-37.3583	0.1162249	0.09666038
143	1	-37.4168	-37.56536	0.1485615	0.09358471
144	0	-37.16119	-37.26127	0.1000809	0.09823353
145	1	-37.6573	-37.84588	0.1885889	0.08991273
146	0	-39.1642	-39.53939	0.3751941	0.07460701
147	1	-42.16757	-42.78093	0.6133581	0.0587958
148	0	-37.37218	-37.51278	0.1405993	0.09433282
149	1	-37.5065	-37.67053	0.1640283	0.09214839
150	0	-37.42409	-37.57393	0.149844	0.09346476
151	1	-37.27569	-37.39839	0.1227004	0.09603647
152	0	-37.56713	-37.74124	0.1741063	0.09122438
153	1	-37.14933	-37.24697	0.09764144	0.09847346
154	0	-37.46009	-37.6162	0.1561119	0.09288076
155	1	-37.09054	-37.17579	0.08525111	0.09970117
156	0	-37.29404	-37.42022	0.1261797	0.09570292
157	1	-37.42926	-37.58001	0.150751	0.09338003
158	0	-37.29404	-37.42022	0.1261797	0.09570292
159	1	-37.08054	-37.16363	0.08309063	0.0999168
160	0	-37.29404	-37.42022	0.1261797	0.09570292
161	1	-37.08054	-37.16363	0.08309063	0.0999168
162	0	-37.29404	-37.42022	0.1261797	0.09570292
163	1	-38.86618	-39.21029	0.3441142	0.07696219
164	0	-37.96279	-38.19664	0.2338508	0.08593384
165	1	-37.97384	-38.20924	0.2353924	0.08580146
166	0	-37.60703	-37.78762	0.1805876	0.09063504
167	1	-37.5945	-37.77306	0.1785638	0.09081865
168	0	-37.57758	-37.7534	0.1758154	0.0910686
169	1	-38.11743	-38.37233	0.2548996	0.08414394
170	0	-37.32005	-37.4511	0.1310503	0.09523792
171	1	-38.74177	-39.07227	0.3304931	0.07801767
172	0	-38.69732	-39.02284	0.3255243	0.07840629
173	1	-37.43383	-37.58539	0.1515522	0.09330524
174	0	-37.46757	-37.62497	0.1574001	0.0927612
175	1	-37.34575	-37.48154	0.1357917	0.09478743
176	0	-37.64357	-37.82999	0.1864211	0.09010786
177	1	-38.52305	-38.82854	0.3054912	0.07999285
178	0	-37.47055	-37.62846	0.157911	0.09271381
179	1	-37.21978	-37.33163	0.1118568	0.09708352
180	0	-37.40684	-37.55364	0.1467997	0.09374973
181	1	-37.21255	-37.32298	0.1104284	0.0972223
182	0	-37.57433	-37.74961	0.175284	0.091117
183	1	-38.65515	-38.97591	0.3207595	0.07878077
184	0	-37.4531	-37.60801	0.1549042	0.092993
185	1	-39.92015	-40.36619	0.4460485	0.0695037
186	0	-37.50551	-37.66937	0.1638601	0.09216388
187	1	-37.56469	-37.7384	0.1737066	0.09126084
188	0	-37.43592	-37.58784	0.1519166	0.09327125
189	1	-37.32523	-37.45724	0.1320104	0.09514652
190	0	-37.53843	-37.7078	0.1693709	0.09165739
191	1	-37.10872	-37.19785	0.08913664	0.09931452
192	0	-37.2137	-37.32436	0.1106565	0.09720012
193	1	-37.10872	-37.19785	0.08913664	0.09931452
194	0	-38.14224	-38.40042	0.2581764	0.08386867
195	1	-38.76364	-39.09656	0.3329174	0.07782876
196	0	-37.91977	-38.14756	0.2277904	0.08645621
197	1	-37.34831	-37.48458	0.1362613	0.09474292
198	0	-37.18806	-37.29359	0.1055366	0.09769906
199	1	-37.34831	-37.48458	0.1362613	0.09474292
200	0	-37.18806	-37.29359	0.1055366	0.09769906
201	1	-37.12295	-37.21509	0.09214406	0.09901629
202	0	-37.1439	-37.24042	0.09651762	0.09858418
203	1	-37.15239	-37.25067	0.09827332	0.09841125
204	0	-38.81598	-39.15464	0.3386667	0.07738259
205	1	-37.78292	-37.99078	0.207859	0.08819669
206	0	-37.2764	-37.39924	0.1228356	0.09602349
207	1	-37.60149	-37.78118	0.179694	0.09071606
208	0	-39.21589	-39.59627	0.3803814	0.074221
209	1	-37.92037	-38.14825	0.2278762	0.08644879
210	0	-37.16323	-37.26373	0.1004981	0.09819255
211	1	-38.30878	-38.5883	0.2795238	0.08209726
212	0	-37.83514	-38.05073	0.2155877	0.08751767
213	1	-37.27435	-37.39679	0.122444	0.0960611
214	0	-37.83514	-38.05073	0.2155877	0.08751767
215	1	-37.44131	-37.59417	0.1528574	0.09318354
216	0	-37.45675	-37.61228	0.1555349	0.09293437
217	1	-37.16699	-37.26825	0.1012661	0.09811717
218	0	-37.28103	-37.40474	0.1237157	0.09593902
219	1	-37.12743	-37.22051	0.09308451	0.09892322
220	0	-37.21279	-37.32326	0.1104749	0.09721778
221	1	-37.32523	-37.45725	0.132012	0.09514637
222	0	-37.22101	-37.33311	0.1121	0.09705991
223	1	-37.69872	-37.89377	0.1950542	0.0893333
224	0	-37.18793	-37.29344	0.1055101	0.09770164
225	1	-38.05507	-38.30161	0.2465434	0.08485
226	0	-37.18793	-37.29344	0.1055101	0.09770164
227	1	-37.6818	-37.87423	0.1924274	0.08956827
228	0	-37.50397	-37.66757	0.1636008	0.09218779
229	1	-37.69192	-37.88593	0.1940014	0.08942739
230	0	-38.13993	-38.3978	0.2578723	0.08389417
231	1	-37.08378	-37.16757	0.08379266	0.09984668
232	0	-37.65066	-37.8382	0.1875427	0.09000685
233	1	-37.78578	-37.99407	0.208287	0.08815896
234	0	-38.60578	-38.9209	0.3151153	0.07922668
235	1	-38.0832	-38.33354	0.2503349	0.0845289
236	0	-38.81797	-39.15685	0.3388839	0.07736578
237	1	-37.13546	-37.23023	0.09476444	0.09875717
238	0	-37.21713	-37.32846	0.1113336	0.09713433
239	1	-38.41214	-38.70439	0.292247	0.08105934
240	0	-37.66298	-37.85246	0.1894832	0.08983236
241	1	-37.33434	-37.46803	0.1336948	0.09498639
242	0	-37.38806	-37.53152	0.1434548	0.09406383
243	1	-37.17947	-37.28328	0.1038043	0.09786844
244	0	-37.43747	-37.58966	0.1521874	0.09324599
245	1	-37.18988	-37.29579	0.1059039	0.09766317
246	0	-37.49439	-37.65637	0.16198	0.09233733
247	1	-38.35312	-38.63815	0.2850294	0.08164651
248	0	-37.49439	-37.65637	0.16198	0.09233733
249	1	-37.63476	-37.81978	0.1850226	0.09023396
250	0	-37.7907	-37.99972	0.2090198	0.08809437
251	1	-37.43953	-37.59207	0.1525461	0.09321255
252	0	-37.20365	-37.31231	0.1086593	0.09739444
253	1	-37.37061	-37.51092	0.1403152	0.09435963
254	0	-38.01117	-38.25173	0.2405561	0.08535955
255	1	-37.37061	-37.51092	0.1403152	0.09435963
256	0	-37.68292	-37.87552	0.1926022	0.08955261
257	1	-37.61047	-37.79161	0.1811397	0.09058501
258	0	-39.39656	-39.79464	0.3980831	0.07291872
259	1	-37.28924	-37.41452	0.125274	0.09578963
260	0	-41.05486	-41.59171	0.5368513	0.06347062
261	1	-37.22155	-37.33376	0.1122067	0.09704956
262	0	-37.97376	-38.20914	0.2353805	0.08580249
263	1	-37.53065	-37.69873	0.1680768	0.09177608
264	0	-38.32907	-38.61112	0.2820521	0.08188996
265	1	-38.70323	-39.02942	0.3261879	0.07835428
266	0	-37.49708	-37.65952	0.1624357	0.09229526
267	1	-37.65652	-37.84498	0.1884662	0.08992377
268	0	-37.49708	-37.65952	0.1624357	0.09229526
269	1	-37.49246	-37.65411	0.1616517	0.09236765
270	0	-37.29615	-37.42273	0.1265779	0.09566482
271	1	-39.09108	-39.45884	0.3677583	0.07516383
272	0	-37.29615	-37.42273	0.1265779	0.09566482
273	1	-37.37749	-37.51904	0.1415559	0.09424263
274	0	-37.29615	-37.42273	0.1265779	0.09566482
275	1	-37.58705	-37.76441	0.1773571	0.0909283
276	0	-37.40537	-37.55191	0.1465402	0.09377406
277	1	-37.58705	-37.76441	0.1773571	0.0909283
278	0	-37.40537	-37.55191	0.1465402	0.09377406
279	1	-39.81915	-40.25629	0.4371467	0.07012517
280	0	-37.40537	-37.55191	0.1465402	0.09377406
281	1	-39.33369	-39.72569	0.3919974	0.07336383
282	0	-37.5536	-37.72548	0.1718818	0.09142754
283	1	-39.98933	-40.44139	0.4520573	0.06908732
284	0	-37.2269	-37.34016	0.1132595	0.09694744
285	1	-37.38536	-37.52833	0.1429701	0.09410944
286	0	-38.83607	-39.17693	0.3408556	0.07721339
287	1	-37.11001	-37.19942	0.08941173	0.09928721
288	0	-38.01078	-38.25128	0.2405018	0.08536419
289	1	-37.11001	-37.19942	0.08941173	0.09928721
290	0	-37.87541	-38.09686	0.2214428	0.08700675
291	1	-37.11001	-37.19942	0.08941173	0.09928721
292	0	-37.16548	-37.26643	0.1009578	0.09814742
293	1	-37.11076	-37.20033	0.08956956	0.09927154
294	0	-37.20058	-37.30863	0.108048	0.097454
295	1	-37.11076	-37.20033	0.08956956	0.09927154
296	0	-37.38783	-37.53125	0.1434138	0.0940677
297	1	-38.08636	-38.33712	0.2507576	0.08449318
298	0	-37.3402	-37.47497	0.1347733	0.09488401
299	1	-37.27859	-37.40184	0.1232518	0.09598353
300	0	-37.64163	-37.82774	0.1861133	0.09013559
301	1	-37.68234	-37.87485	0.192511	0.08956078
302	0	-37.57652	-37.75216	0.1756422	0.09108438
303	1	-41.2448	-41.79546	0.5506652	0.06259987
304	0	-37.57652	-37.75216	0.1756422	0.09108438
305	1	-37.64546	-37.83218	0.1867209	0.09008084
306	0	-37.27542	-37.39806	0.1226474	0.09604157
307	1	-38.56017	-38.87	0.3098354	0.0796461
308	0	-37.46627	-37.62344	0.1571757	0.09278201
309	1	-37.7979	-38.00799	0.2100923	0.08799995
310	0	-37.11153	-37.20127	0.08973441	0.09925518
311	1	-37.22089	-37.33296	0.1120759	0.09706225
312	0	-37.38206	-37.52444	0.1423781	0.09416517
313	1	-38.03333	-38.27692	0.2435897	0.085101
314	0	-37.82136	-38.03493	0.2135636	0.087695
315	1	-38.172	-38.43407	0.262073	0.0835425
316	0	-37.19276	-37.29924	0.1064818	0.09760675
317	1	-38.09632	-38.34841	0.2520896	0.08438071
318	0	-37.98279	-38.21942	0.2366358	0.08569484
319	1	-37.46926	-37.62695	0.1576898	0.09273432
320	0	-37.98215	-38.21869	0.2365469	0.08570247
321	1	-38.38281	-38.67149	0.2886753	0.08134938
322	0	-38.40676	-38.69835	0.2915939	0.0811123
323	1	-38.44075	-38.73645	0.2957021	0.08077975
324	0	-37.33864	-37.47312	0.1344863	0.09491125
325	1	-37.98642	-38.22356	0.2371393	0.08565171
326	0	-37.36302	-37.50197	0.1389414	0.09448934
327	1	-38.525	-38.83072	0.3057205	0.07997451
328	0	-37.36302	-37.50197	0.1389414	0.09448934
329	1	-38.48234	-38.78302	0.3006774	0.08037885
330	0	-39.50849	-39.91723	0.4087345	0.07214615
331	1	-37.59273	-37.77101	0.1782782	0.0908446
332	0	-38.72465	-39.05324	0.3285862	0.07816659
333	1	-37.24454	-37.36124	0.1167039	0.09661409
334	0	-37.74084	-37.94236	0.2015152	0.08875798
335	1	-37.52863	-37.69637	0.1677404	0.09180696
336	0	-38.70208	-39.02813	0.3260586	0.07836441
337	1	-37.46969	-37.62745	0.1577637	0.09272747
338	0	-37.12597	-37.21874	0.0927782	0.09895352
339	1	-39.49337	-39.90068	0.4073093	0.07224905
340	0	-37.793	-38.00237	0.2093638	0.08806407
341	1	-37.26388	-37.38432	0.12044	0.0962538
342	0	-39.91854	-40.36445	0.4459086	0.06951343
343	1	-37.64508	-37.83174	0.1866604	0.09008629
344	0	-38.26466	-38.53863	0.2739745	0.08255411
345	1	-37.64508	-37.83174	0.1866604	0.09008629
346	0	-37.6626	-37.85203	0.1894236	0.08983772
347	1	-37.78361	-37.99158	0.2079627	0.08818754
348	0	-37.21702	-37.32833	0.1113128	0.09713636
349	1	-38.18315	-38.44667	0.263523	0.08342145
350	0	-37.11866	-37.2099	0.09124106	0.09910575
351	1	-38.01037	-38.25082	0.2404461	0.08536895
352	0	-37.7443	-37.94634	0.2020404	0.08871137
353	1	-38.8128	-39.15112	0.3383201	0.07740941
354	0	-37.18459	-37.28943	0.1048386	0.09776727
355	1	-37.28827	-37.41336	0.1250892	0.09580734
356	0	-38.92715	-39.2778	0.350645	0.07646121
357	1	-38.46708	-38.76594	0.2988585	0.08052518
358	0	-37.59658	-37.77548	0.178901	0.09078804
359	1	-37.22486	-37.33771	0.1128576	0.09698641
360	0	-39.30093	-39.68972	0.3887945	0.07359918
361	1	-37.71135	-37.90836	0.1970036	0.08915932
362	0	-37.85854	-38.07754	0.2189998	0.08721957
363	1	-37.39921	-37.54466	0.145445	0.09387681
364	0	-39.39008	-39.78754	0.3974598	0.07296418
365	1	-37.29361	-37.41971	0.1260988	0.09571066
366	0	-37.65568	-37.84401	0.1883338	0.08993567
367	1	-38.31302	-38.59307	0.2800535	0.08205378
368	0	-37.37586	-37.51712	0.1412622	0.09427031
369	1	-37.29833	-37.42532	0.1269881	0.09562558
370	0	-38.86858	-39.21295	0.3443729	0.07694229
371	1	-37.25721	-37.37637	0.119157	0.09637738
372	0	-38.42189	-38.71531	0.2934274	0.08096372
373	1	-37.25721	-37.37637	0.119157	0.09637738
374	0	-38.21212	-38.47939	0.2672683	0.0831096
375	1	-37.40141	-37.54725	0.145836	0.09384012
376	0	-37.45	-37.60436	0.1543663	0.09304304
377	1	-37.42869	-37.57934	0.1506519	0.09338928
378	0	-37.22758	-37.34097	0.1133923	0.09693456
379	1	-37.28853	-37.41367	0.1251397	0.0958025
380	0	-37.84509	-38.06213	0.2170423	0.08739046
381	1	-37.16214	-37.26242	0.1002761	0.09821436
382	0	-37.15183	-37.24999	0.09815816	0.09842259
383	1	-37.45043	-37.60488	0.1544423	0.09303597
384	0	-37.75479	-37.95842	0.2036291	0.08857054
385	1	-37.45043	-37.60488	0.1544423	0.09303597
386	0	-37.25666	-37.37571	0.1190504	0.09638765
387	1	-38.23598	-38.5063	0.2703269	0.08285578
388	0	-37.49425	-37.65621	0.1619563	0.09233951
389	1	-37.60507	-37.78534	0.180271	0.09066374
390	0	-37.49425	-37.65621	0.1619563	0.09233951
391	1	-37.14071	-37.23657	0.09585637	0.0986494
392	0	-38.49378	-38.79581	0.3020351	0.0802698
393	1	-37.87965	-38.10171	0.2220538	0.0869536
394	0	-37.24168	-37.35783	0.1161491	0.09666771
395	1	-37.41513	-37.56339	0.1482662	0.09361234
396	0	-37.70892	-37.90555	0.1966293	0.0891927
397	1	-37.4062	-37.55288	0.1466857	0.09376042
398	0	-38.53937	-38.84678	0.3074069	0.07983976
399	1	-41.38926	-41.95021	0.5609477	0.06195949
400	0	-38.12623	-38.3823	0.2560651	0.08404592
401	1	-37.28436	-37.40871	0.1243496	0.09587822
402	0	-37.42782	-37.57832	0.1504988	0.09340358
403	1	-37.28436	-37.40871	0.1243496	0.09587822
404	0	-37.42782	-37.57832	0.1504988	0.09340358
405	1	-37.28436	-37.40871	0.1243496	0.09587822
406	0	-37.71187	-37.90895	0.1970827	0.08915227
407	1	-37.28436	-37.40871	0.1243496	0.09587822
408	0	-37.20737	-37.31677	0.1093994	0.09732239
409	1	-37.28436	-37.40871	0.1243496	0.09587822
410	0	-37.56207	-37.73535	0.1732763	0.09130013
411	1	-37.89778	-38.12244	0.2246568	0.08672756
412	0	-37.30414	-37.43222	0.1280796	0.09552126
413	1	-37.36596	-37.50544	0.1394745	0.09443899
414	0	-37.2	-37.30793	0.1079314	0.09746536
415	1	-37.7473	-37.94979	0.2024952	0.08867103
416	0	-37.59042	-37.76832	0.1779031	0.09087867
417	1	-38.44459	-38.74075	0.2961638	0.08074246
418	0	-37.33778	-37.47211	0.1343285	0.09492622
419	1	-37.83649	-38.05228	0.2157856	0.08750035
420	0	-37.58038	-37.75665	0.176271	0.09102712
421	1	-38.69966	-39.02545	0.3257874	0.07838567
422	0	-37.18826	-37.29383	0.1055767	0.09769513
423	1	-37.07989	-37.16285	0.08295135	0.09993072
424	0	-38.42755	-38.72166	0.294112	0.08090831
425	1	-38.97097	-39.32625	0.3552809	0.07610756
426	0	-37.12139	-37.21321	0.09181642	0.09904874
427	1	-37.30147	-37.42905	0.127579	0.0955691
428	0	-37.19581	-37.3029	0.1070931	0.0975471
429	1	-37.31613	-37.44645	0.1303201	0.09530748
430	0	-39.83476	-40.27329	0.4385332	0.07002801
431	1	-37.41633	-37.56481	0.148478	0.09359252
432	0	-38.32303	-38.60433	0.2813015	0.08195144
433	1	-37.18938	-37.29518	0.1058021	0.09767311
434	0	-37.1684	-37.26995	0.101554	0.09808892
435	1	-38.1734	-38.43565	0.2622553	0.08352727
436	0	-37.46584	-37.62294	0.1571017	0.09278887
437	1	-37.84481	-38.06181	0.2170013	0.08739405
438	0	-37.18766	-37.29312	0.1054569	0.09770684
439	1	-37.15065	-37.24857	0.09791496	0.09844653
440	0	-39.60563	-40.02343	0.4177946	0.07149545
441	1	-37.09017	-37.17535	0.08517241	0.09970901
442	0	-37.86567	-38.0857	0.220034	0.08712941
443	1	-37.09017	-37.17535	0.08517241	0.09970901
444	0	-37.86567	-38.0857	0.220034	0.08712941
445	1	-37.15744	-37.25675	0.09931135	0.09830915
446	0	-37.49646	-37.65879	0.1623308	0.09230494
447	1	-38.38222	-38.67082	0.2886032	0.08135524
448	0	-37.15343	-37.25191	0.09848666	0.09839026
449	1	-37.342	-37.47711	0.135105	0.09485254
450	0	-37.1915	-37.29772	0.1062281	0.09763152
451	1	-37.31467	-37.44472	0.1300479	0.09533343
452	0	-37.1915	-37.29772	0.1062281	0.09763152
453	1	-37.35571	-37.49332	0.1376113	0.0946151
454	0	-37.35514	-37.49265	0.1375082	0.09462487
455	1	-37.32666	-37.45894	0.1322762	0.09512124
456	0	-37.34816	-37.4844	0.1362339	0.09474552
457	1	-37.24363	-37.36016	0.1165275	0.09663114
458	0	-37.34816	-37.4844	0.1362339	0.09474552
459	1	-39.72284	-40.15134	0.4285099	0.07073345
460	0	-38.19435	-38.45933	0.2649757	0.08330035
461	1	-37.37162	-37.51212	0.1404982	0.09434236
462	0	-37.15262	-37.25094	0.09832035	0.09840662
463	1	-37.20314	-37.31169	0.1085573	0.09740438
464	0	-38.03319	-38.27676	0.243571	0.08510259
465	1	-37.21354	-37.32417	0.1106245	0.09720323
466	0	-37.40776	-37.55472	0.1469628	0.09373444
467	1	-37.09874	-37.18575	0.08701022	0.09952593
468	0	-37.67652	-37.86812	0.191603	0.08964214
469	1	-37.09874	-37.18575	0.08701022	0.09952593
470	0	-37.76338	-37.9683	0.2049259	0.08845576
471	1	-37.49811	-37.66072	0.1626097	0.0922792
472	0	-37.8908	-38.11446	0.2236566	0.08681435
473	1	-37.49811	-37.66072	0.1626097	0.0922792
474	0	-38.56726	-38.87792	0.3106605	0.07958041
475	1	-37.28814	-37.4132	0.125064	0.09580975
476	0	-38.72193	-39.05022	0.3282825	0.07819033
477	1	-37.29347	-37.41955	0.1260732	0.09571311
478	0	-38.15998	-38.42048	0.2605036	0.08367371
479	1	-37.09995	-37.18722	0.08726994	0.09950009
480	0	-38.26981	-38.54444	0.2746265	0.0825003
481	1	-38.3856	-38.67462	0.2890166	0.08132161
482	0	-37.09201	-37.17758	0.08556712	0.09966966
483	1	-37.07851	-37.16116	0.08265051	0.09996078
484	0	-37.15831	-37.2578	0.09949045	0.09829155
485	1	-37.11348	-37.20363	0.09014727	0.09921421
486	0	-37.19365	-37.30031	0.1066611	0.09758925
487	1	-37.17799	-37.2815	0.1035042	0.09789782
488	0	-37.19365	-37.30031	0.1066611	0.09758925
489	1	-39.5975	-40.01454	0.4170422	0.07154927
490	0	-37.07954	-37.16241	0.08287377	0.09993847
491	1	-38.02474	-38.26715	0.242416	0.08520094
492	0	-38.0609	-38.30823	0.2473318	0.08478313
493	1	-38.02474	-38.26715	0.242416	0.08520094
494	0	-37.69278	-37.88691	0.1941336	0.08941558
495	1	-37.79372	-38.00319	0.2094698	0.08805474
496	0	-37.34409	-37.47958	0.1354885	0.09481617
497	1	-37.68274	-37.87532	0.1925743	0.08955511
498	0	-37.34409	-37.47958	0.1354885	0.09481617
499	1	-37.68274	-37.87532	0.1925743	0.08955511
500	0	-39.10752	-39.47697	0.3694408	0.07503748
501	1	-37.20109	-37.30924	0.1081499	0.09744407
502	0	-37.31137	-37.4408	0.1294321	0.09539216
503	1	-37.20109	-37.30924	0.1081499	0.09744407
504	0	-37.31137	-37.4408	0.1294321	0.09539216
505	1	-37.39082	-37.53477	0.1439487	0.09401739
506	0	-37.18172	-37.28598	0.1042591	0.09782394
507	1	-37.95205	-38.1844	0.2323464	0.08606322
508	0	-37.20384	-37.31254	0.1086982	0.09739066
509	1	-38.8813	-39.22704	0.3457425	0.07683697
510	0	-37.20384	-37.31254	0.1086982	0.09739066
511	1	-37.15417	-37.25281	0.09863904	0.09837527
512	0	-37.09505	-37.18127	0.08621912	0.0996047
513	1	-37.64696	-37.83392	0.1869581	0.09005948
514	0	-37.29013	-37.41558	0.1254422	0.09577352
515	1	-37.13719	-37.23231	0.09512376	0.09872169
516	0	-37.29013	-37.41558	0.1254422	0.09577352
517	1	-37.63758	-37.82306	0.1854719	0.09019343
518	0	-37.34564	-37.48141	0.1357718	0.09478932
519	1	-37.32443	-37.4563	0.1318634	0.09516051
520	0	-37.66647	-37.8565	0.1900312	0.08978314
521	1	-37.17833	-37.2819	0.103572	0.09789118
522	0	-38.12037	-38.37566	0.2552897	0.08411112
523	1	-38.73531	-39.06508	0.3297737	0.07807382
524	0	-38.62815	-38.94583	0.3176818	0.07902361
525	1	-37.56763	-37.74182	0.1741891	0.09121683
526	0	-37.16946	-37.27123	0.1017707	0.09806767
527	1	-40.47328	-40.96552	0.492249	0.06636564
528	0	-37.64123	-37.82728	0.1860507	0.09014124
529	1	-39.78658	-40.22083	0.4342433	0.07032907
530	0	-37.64123	-37.82728	0.1860507	0.09014124
531	1	-37.34226	-37.47741	0.1351518	0.0948481
532	0	-40.32872	-40.80929	0.4805634	0.06714571
533	1	-37.34226	-37.47741	0.1351518	0.0948481
534	0	-38.0079	-38.24801	0.2401062	0.08539796
535	1	-37.14909	-37.24668	0.09759136	0.09847839
536	0	-37.18762	-37.29307	0.1054494	0.09770758
537	1	-37.1256	-37.2183	0.09270104	0.09896116
538	0	-37.32806	-37.46059	0.1325343	0.09509669
539	1	-40.97638	-41.50742	0.5310418	0.06384043
540	0	-37.07761	-37.16007	0.08245641	0.09998019
541	1	-37.34973	-37.48625	0.1365201	0.09471841
542	0	-38.85013	-39.19251	0.3423799	0.07709578
543	1	-37.19948	-37.30731	0.1078271	0.09747553
544	0	-37.61231	-37.79374	0.1814355	0.09055822
545	1	-37.19948	-37.30731	0.1078271	0.09747553
546	0	-37.40841	-37.55549	0.1470783	0.09372361
547	1	-37.37378	-37.51466	0.1408872	0.09430567
548	0	-37.21414	-37.32488	0.1107424	0.09719177
549	1	-37.15405	-37.25266	0.0986142	0.09837771
550	0	-37.20598	-37.31511	0.1091238	0.09734922
551	1	-37.09664	-37.1832	0.0865599	0.09957076
552	0	-37.49387	-37.65576	0.1618915	0.0923455
553	1	-37.16217	-37.26245	0.1002807	0.0982139
554	0	-37.23175	-37.34596	0.1142104	0.09685529
555	1	-37.16217	-37.26245	0.1002807	0.0982139
556	0	-38.93041	-39.28141	0.3509916	0.07643471
557	1	-38.31353	-38.59364	0.2801171	0.08204857
558	0	-37.13978	-37.23544	0.09566308	0.09866847
559	1	-37.25289	-37.37121	0.1183218	0.0964579
560	0	-37.13978	-37.23544	0.09566308	0.09866847
561	1	-38.38425	-38.6731	0.2888509	0.0813351
562	0	-37.48592	-37.64646	0.1605404	0.09247035
563	1	-38.35176	-38.63662	0.284861	0.08166026
564	0	-37.10191	-37.1896	0.08768719	0.09945858
565	1	-38.74841	-39.07964	0.3312303	0.07796018
566	0	-40.6942	-41.20383	0.5096274	0.06522227
567	1	-37.39697	-37.54201	0.1450449	0.09391439
568	0	-37.69305	-37.88723	0.1941762	0.08941177
569	1	-38.26866	-38.54314	0.274481	0.08251231
570	0	-37.27199	-37.39398	0.1219925	0.09610448
571	1	-38.5947	-38.90853	0.3138378	0.07932796
572	0	-38.04846	-38.29411	0.2456481	0.084926
573	1	-37.43374	-37.58527	0.1515356	0.09330679
574	0	-38.50432	-38.80761	0.3032837	0.08016963
575	1	-37.49751	-37.66002	0.1625084	0.09228855
576	0	-37.21957	-37.33139	0.1118162	0.09708746
577	1	-37.67356	-37.8647	0.1911413	0.08968353
578	0	-38.66085	-38.98226	0.3214065	0.07872982
579	1	-37.29604	-37.4226	0.1265566	0.09566685
580	0	-37.20462	-37.31347	0.1088522	0.09737565
581	1	-37.31269	-37.44236	0.1296783	0.09536868
582	0	-37.31892	-37.44976	0.1308394	0.095258
583	1	-37.26517	-37.38586	0.120688	0.09622993
584	0	-37.10798	-37.19696	0.08898	0.09933008
585	1	-37.31638	-37.44675	0.1303667	0.09530304
586	0	-37.24103	-37.35706	0.1160225	0.09667994
587	1	-37.56154	-37.73473	0.1731898	0.09130802
588	0	-37.15956	-37.25931	0.09974739	0.09826629
589	1	-41.08123	-41.62002	0.5387903	0.06334768
590	0	-37.39687	-37.5419	0.1450275	0.09391602
591	1	-37.21993	-37.33181	0.1118863	0.09708066
592	0	-37.26779	-37.38898	0.1211892	0.09618172
593	1	-37.76189	-37.9666	0.2047024	0.08847553
594	0	-37.56355	-37.73707	0.1735193	0.09127794
595	1	-37.47569	-37.63449	0.1587933	0.09263205
596	0	-37.87857	-38.10047	0.2218979	0.08696716
597	1	-38.72013	-39.04821	0.3280812	0.07820607
598	0	-37.78937	-37.9982	0.2088226	0.08811175
599	1	-38.62978	-38.94764	0.3178673	0.07900895
600	0	-39.44353	-39.84611	0.4025811	0.07259147
601	1	-37.22834	-37.34188	0.1135411	0.09692014
