Iteration	Replicate_ID	Posterior	Likelihood	Prior	sigma2
0	0	-45.39381	0	-45.39381	0.006905444
1	1	370.6838	0	370.6838	0.0001253921
2	0	-45.56987	0	-45.56987	0.006432325
3	1	371.2953	0	371.2953	0.0001175048
4	0	-45.56987	0	-45.56987	0.006432325
5	1	370.1923	0	370.1923	0.0001299046
6	0	-45.38749	0	-45.38749	0.006842577
7	1	370.3632	0	370.3632	9.50232e-05
8	0	-45.68139	0	-45.68139	0.006331357
9	1	371.3049	0	371.3049	0.0001033678
10	0	-45.71786	0	-45.71786	0.006303089
11	1	371.4128	0	371.4128	0.0001149588
12	0	-45.80187	0	-45.80187	0.006243949
13	1	370.4918	0	370.4918	9.581523e-05
14	0	-45.80187	0	-45.80187	0.006243949
15	1	370.8689	0	370.8689	9.855181e-05
16	0	-45.46162	0	-45.46162	0.007095825
17	1	371.2849	0	371.2849	0.0001176929
18	0	-47.3111	0	-47.3111	0.005651059
19	1	371.485	0	371.485	0.0001077642
20	0	-45.42111	0	-45.42111	0.00665313
21	1	370.0965	0	370.0965	0.0001306997
22	0	-46.55288	0	-46.55288	0.005886734
23	1	371.471	0	371.471	0.0001071492
24	0	-45.40273	0	-45.40273	0.00694798
25	1	371.2889	0	371.2889	0.0001031197
26	0	-45.38867	0	-45.38867	0.006863477
27	1	370.9923	0	370.9923	0.0001219593
28	0	-46.77227	0	-46.77227	0.005810786
29	1	370.688	0	370.688	0.0001253494
30	0	-47.77247	0	-47.77247	0.008553785
31	1	370.7513	0	370.7513	9.761643e-05
32	0	-46.76298	0	-46.76298	0.00581385
33	1	371.3834	0	371.3834	0.0001156929
34	0	-45.53447	0	-45.53447	0.007209252
35	1	371.3943	0	371.3943	0.0001154308
36	0	-47.08726	0	-47.08726	0.005713568
37	1	371.5032	0	371.5032	0.000111065
38	0	-45.89317	0	-45.89317	0.007558471
39	1	371.4529	0	371.4529	0.0001065163
40	0	-45.39096	0	-45.39096	0.006768649
41	1	371.2566	0	371.2566	0.0001181871
42	0	-45.43016	0	-45.43016	0.006631718
43	1	370.9128	0	370.9128	9.892637e-05
44	0	-46.19067	0	-46.19067	0.007765722
45	1	368.8672	0	368.8672	0.0001395843
46	0	-45.46555	0	-45.46555	0.007103021
47	1	370.9536	0	370.9536	0.0001224306
48	0	-45.59143	0	-45.59143	0.006410619
49	1	371.2981	0	371.2981	0.0001174529
50	0	-46.97293	0	-46.97293	0.005747468
51	1	371.193	0	371.193	0.0001018067
52	0	-45.60417	0	-45.60417	0.007294668
53	1	371.4304	0	371.4304	0.0001058651
54	0	-45.57981	0	-45.57981	0.007266487
55	1	371.5011	0	371.5011	0.0001088339
56	0	-45.40614	0	-45.40614	0.006696534
57	1	371.494	0	371.494	0.0001118671
58	0	-45.69842	0	-45.69842	0.007392149
59	1	370.3271	0	370.3271	9.481046e-05
60	0	-46.159	0	-46.159	0.007745415
61	1	370.9795	0	370.9795	0.0001221174
62	0	-46.159	0	-46.159	0.007745415
63	1	369.2919	0	369.2919	0.0001367281
64	0	-45.52517	0	-45.52517	0.007196537
65	1	370.9813	0	370.9813	0.0001220954
66	0	-46.69605	0	-46.69605	0.008055086
67	1	370.6942	0	370.6942	0.0001252862
68	0	-46.25214	0	-46.25214	0.007804229
69	1	369.2615	0	369.2615	8.976851e-05
70	0	-48.4583	0	-48.4583	0.005387097
71	1	370.9441	0	370.9441	0.000122544
72	0	-45.6301	0	-45.6301	0.006374595
73	1	371.4777	0	371.4777	0.0001127645
74	0	-45.52453	0	-45.52453	0.007195647
75	1	371.4777	0	371.4777	0.0001127645
76	0	-48.97816	0	-48.97816	0.009024423
77	1	370.0493	0	370.0493	0.0001310836
78	0	-47.44312	0	-47.44312	0.005616293
79	1	371.4854	0	371.4854	0.0001123813
80	0	-47.59184	0	-47.59184	0.008476973
81	1	371.1703	0	371.1703	0.0001195574
82	0	-49.05814	0	-49.05814	0.009053672
83	1	371.3145	0	371.3145	0.0001171448
84	0	-48.07281	0	-48.07281	0.008677207
85	1	370.344	0	370.344	9.49095e-05
86	0	-45.57341	0	-45.57341	0.007258818
87	1	369.8231	0	369.8231	0.0001328638
88	0	-45.57341	0	-45.57341	0.007258818
89	1	370.8401	0	370.8401	0.0001237374
90	0	-46.14497	0	-46.14497	0.007736303
91	1	371.4593	0	371.4593	0.0001067252
92	0	-46.14497	0	-46.14497	0.007736303
93	1	371.4755	0	371.4755	0.0001128665
94	0	-45.74675	0	-45.74675	0.007436919
95	1	371.1812	0	371.1812	0.0001016622
96	0	-45.52101	0	-45.52101	0.006487296
97	1	371.21	0	371.21	0.0001189497
98	0	-46.83895	0	-46.83895	0.008128338
99	1	371.4912	0	371.4912	0.0001081058
100	0	-46.19898	0	-46.19898	0.007770998
101	1	370.8786	0	370.8786	0.0001233054
102	0	-46.42378	0	-46.42378	0.005935496
103	1	371.392	0	371.392	0.0001154858
104	0	-46.41784	0	-46.41784	0.007902814
105	1	371.5073	0	371.5073	0.0001099247
106	0	-46.15865	0	-46.15865	0.007745186
107	1	371.3725	0	371.3725	0.0001159422
108	0	-46.89437	0	-46.89437	0.008155997
109	1	371.4905	0	371.4905	0.0001080658
110	0	-45.38804	0	-45.38804	0.006854401
111	1	370.6329	0	370.6329	9.675618e-05
112	0	-45.41002	0	-45.41002	0.006683939
113	1	370.8469	0	370.8469	9.837015e-05
114	0	-46.93623	0	-46.93623	0.008176634
115	1	370.998	0	370.998	0.0001218886
116	0	-45.50871	0	-45.50871	0.006502776
117	1	367.8356	0	367.8356	8.502199e-05
118	0	-45.70462	0	-45.70462	0.007398057
119	1	370.2809	0	370.2809	9.454412e-05
120	0	-45.75272	0	-45.75272	0.007442262
121	1	371.5051	0	371.5051	0.0001093185
122	0	-46.43373	0	-46.43373	0.007911917
123	1	371.4799	0	371.4799	0.000112665
124	0	-45.46947	0	-45.46947	0.0065587
125	1	371.4755	0	371.4755	0.0001128686
126	0	-45.44609	0	-45.44609	0.007065432
127	1	370.9702	0	370.9702	0.0001222305
128	0	-45.67839	0	-45.67839	0.007372688
129	1	371.3421	0	371.3421	0.0001039901
130	0	-45.73289	0	-45.73289	0.006291945
131	1	371.3751	0	371.3751	0.0001158849
132	0	-45.39918	0	-45.39918	0.00693304
133	1	371.2375	0	371.2375	0.0001023847
134	0	-45.39224	0	-45.39224	0.006895403
135	1	371.4911	0	371.4911	0.0001120543
136	0	-46.64115	0	-46.64115	0.005855223
137	1	371.1672	0	371.1672	0.0001014928
138	0	-45.42153	0	-45.42153	0.007008012
139	1	371.1726	0	371.1726	0.0001015573
140	0	-45.40757	0	-45.40757	0.006965805
141	1	370.9026	0	370.9026	9.883811e-05
142	0	-46.34109	0	-46.34109	0.007858014
143	1	371.2905	0	371.2905	0.0001175927
144	0	-45.38726	0	-45.38726	0.00682166
145	1	367.0625	0	367.0625	0.0001503653
146	0	-46.28911	0	-46.28911	0.005990358
147	1	371.4988	0	371.4988	0.0001086306
148	0	-45.77515	0	-45.77515	0.007461989
149	1	370.9235	0	370.9235	9.902041e-05
150	0	-45.87976	0	-45.87976	0.006194856
151	1	368.973	0	368.973	8.867691e-05
152	0	-45.47587	0	-45.47587	0.007121134
153	1	369.1458	0	369.1458	8.932071e-05
154	0	-47.2224	0	-47.2224	0.008312518
155	1	371.0441	0	371.0441	0.0001213043
156	0	-45.44915	0	-45.44915	0.006593372
157	1	369.1448	0	369.1448	8.931674e-05
158	0	-45.38775	0	-45.38775	0.006805132
159	1	369.799	0	369.799	0.000133048
160	0	-45.84727	0	-45.84727	0.007522247
161	1	371.2187	0	371.2187	0.0001188124
162	0	-45.70193	0	-45.70193	0.007395497
163	1	371.4804	0	371.4804	0.0001075463
164	0	-45.42583	0	-45.42583	0.007019219
165	1	370.843	0	370.843	9.833773e-05
166	0	-45.68392	0	-45.68392	0.00632934
167	1	371.3399	0	371.3399	0.000103951
168	0	-46.4531	0	-46.4531	0.00792294
169	1	370.4483	0	370.4483	9.554089e-05
170	0	-45.46967	0	-45.46967	0.006558382
171	1	371.1185	0	371.1185	0.0001009344
172	0	-45.40747	0	-45.40747	0.006965455
173	1	371.4149	0	371.4149	0.0001149001
174	0	-45.77856	0	-45.77856	0.00625963
175	1	370.3088	0	370.3088	9.470412e-05
176	0	-47.08173	0	-47.08173	0.005715175
177	1	371.4307	0	371.4307	0.0001058717
178	0	-45.3884	0	-45.3884	0.006794254
179	1	371.4702	0	371.4702	0.0001071168
180	0	-45.42728	0	-45.42728	0.006638235
181	1	371.2904	0	371.2904	0.0001175943
182	0	-45.60906	0	-45.60906	0.007300157
183	1	371.3504	0	371.3504	0.0001164245
184	0	-46.09008	0	-46.09008	0.006081059
185	1	371.3504	0	371.3504	0.0001164245
186	0	-45.69462	0	-45.69462	0.007388496
187	1	371.5058	0	371.5058	0.0001106711
188	0	-45.4829	0	-45.4829	0.00653823
189	1	371.4825	0	371.4825	0.0001125364
190	0	-45.79287	0	-45.79287	0.007477215
191	1	371.3303	0	371.3303	0.0001168372
192	0	-45.90593	0	-45.90593	0.007568283
193	1	371.4629	0	371.4629	0.0001068495
194	0	-45.53043	0	-45.53043	0.007203776
195	1	370.2793	0	370.2793	0.0001291624
196	0	-46.18418	0	-46.18418	0.007761591
197	1	371.3904	0	371.3904	0.0001049221
198	0	-46.34909	0	-46.34909	0.007862753
199	1	370.3986	0	370.3986	0.0001281103
200	0	-46.51062	0	-46.51062	0.00795522
201	1	370.8221	0	370.8221	9.816858e-05
202	0	-45.38911	0	-45.38911	0.006785462
203	1	371.3149	0	371.3149	0.0001171369
204	0	-49.95052	0	-49.95052	0.005127459
205	1	371.0016	0	371.0016	0.0001218444
206	0	-46.23773	0	-46.23773	0.007795302
207	1	371.1642	0	371.1642	0.0001014579
208	0	-45.62431	0	-45.62431	0.007316895
209	1	370.9505	0	370.9505	9.926144e-05
210	0	-45.39585	0	-45.39585	0.006916944
211	1	368.5494	0	368.5494	8.721038e-05
212	0	-47.29154	0	-47.29154	0.008344142
213	1	371.4912	0	371.4912	0.0001081055
214	0	-45.38951	0	-45.38951	0.006873059
215	1	371.4983	0	371.4983	0.0001085878
216	0	-47.06362	0	-47.06362	0.008238183
217	1	370.8003	0	370.8003	0.0001241728
218	0	-45.46779	0	-45.46779	0.006561388
219	1	370.7283	0	370.7283	9.744362e-05
220	0	-45.40942	0	-45.40942	0.006972071
221	1	371.0901	0	371.0901	0.0001206947
222	0	-45.40942	0	-45.40942	0.006972071
223	1	371.0213	0	371.0213	9.992551e-05
224	0	-45.4038	0	-45.4038	0.006952113
225	1	369.7898	0	369.7898	9.202307e-05
226	0	-45.40294	0	-45.40294	0.006707951
227	1	371.3149	0	371.3149	0.0001171374
228	0	-45.65867	0	-45.65867	0.006349954
229	1	369.7259	0	369.7259	9.172907e-05
230	0	-45.66641	0	-45.66641	0.007360757
231	1	371.036	0	371.036	0.0001000707
232	0	-45.74438	0	-45.74438	0.006283598
233	1	371.3656	0	371.3656	0.0001160976
234	0	-45.50513	0	-45.50513	0.007167718
235	1	370.7827	0	370.7827	0.0001243623
236	0	-45.38754	0	-45.38754	0.006809975
237	1	369.4079	0	369.4079	9.035659e-05
238	0	-46.17364	0	-46.17364	0.006041369
239	1	369.2709	0	369.2709	8.98055e-05
240	0	-45.559	0	-45.559	0.00724109
241	1	371.1839	0	371.1839	0.0001193522
242	0	-45.48615	0	-45.48615	0.006533509
243	1	371.169	0	371.169	0.0001195762
244	0	-45.55921	0	-45.55921	0.00724135
245	1	371.4967	0	371.4967	0.0001084636
246	0	-46.33038	0	-46.33038	0.005973063
247	1	371.3196	0	371.3196	0.0001036052
248	0	-46.18369	0	-46.18369	0.007761274
249	1	370.5144	0	370.5144	0.0001270457
250	0	-45.46303	0	-45.46303	0.007098412
251	1	370.745	0	370.745	9.756875e-05
252	0	-45.41163	0	-45.41163	0.006679058
253	1	370.5364	0	370.5364	0.0001268377
254	0	-45.77718	0	-45.77718	0.007463744
255	1	369.4254	0	369.4254	9.042887e-05
256	0	-46.18629	0	-46.18629	0.007762935
257	1	371.3776	0	371.3776	0.0001046575
258	0	-45.47749	0	-45.47749	0.007123889
259	1	371.3776	0	371.3776	0.0001046575
260	0	-45.55918	0	-45.55918	0.006443603
261	1	371.4772	0	371.4772	0.0001074065
262	0	-45.48465	0	-45.48465	0.0071358
263	1	371.4772	0	371.4772	0.0001074065
264	0	-45.53434	0	-45.53434	0.007209079
265	1	371.3774	0	371.3774	0.0001046533
266	0	-45.50745	0	-45.50745	0.006504405
267	1	370.9322	0	370.9322	0.000122685
268	0	-45.84595	0	-45.84595	0.007521185
269	1	371.4276	0	371.4276	0.0001057914
270	0	-46.46498	0	-46.46498	0.007929666
271	1	371.4942	0	371.4942	0.000111854
272	0	-45.39295	0	-45.39295	0.006754826
273	1	371.4739	0	371.4739	0.0001129381
274	0	-45.61844	0	-45.61844	0.006385107
275	1	371.2744	0	371.2744	0.0001178803
276	0	-45.40351	0	-45.40351	0.006705809
277	1	371.4616	0	371.4616	0.000106804
278	0	-46.0737	0	-46.0737	0.006089151
279	1	371.314	0	371.314	0.0001171544
280	0	-45.92359	0	-45.92359	0.007581697
281	1	371.314	0	371.314	0.0001171544
282	0	-45.51915	0	-45.51915	0.006489592
283	1	371.4642	0	371.4642	0.0001068947
284	0	-46.63929	0	-46.63929	0.008025142
285	1	370.5006	0	370.5006	0.0001271746
286	0	-46.95259	0	-46.95259	0.005753656
287	1	371.5049	0	371.5049	0.0001092835
288	0	-45.66226	0	-45.66226	0.006346963
289	1	371.3688	0	371.3688	0.0001160257
290	0	-45.4139	0	-45.4139	0.006986263
291	1	370.1862	0	370.1862	0.0001299555
292	0	-45.76192	0	-45.76192	0.007450415
293	1	369.946	0	369.946	9.277053e-05
294	0	-45.93387	0	-45.93387	0.007589419
295	1	371.4223	0	371.4223	0.0001056552
296	0	-45.90849	0	-45.90849	0.007570237
297	1	371.3604	0	371.3604	0.0001162104
298	0	-45.80296	0	-45.80296	0.006243227
299	1	371.4024	0	371.4024	0.0001152274
300	0	-45.38724	0	-45.38724	0.006824273
301	1	371.5073	0	371.5073	0.000110209
302	0	-45.46401	0	-45.46401	0.007100221
303	1	371.5073	0	371.5073	0.000110209
304	0	-47.65891	0	-47.65891	0.008505742
305	1	369.6878	0	369.6878	9.155704e-05
306	0	-45.45886	0	-45.45886	0.00709065
307	1	371.5073	0	371.5073	0.0001101885
308	0	-45.44919	0	-45.44919	0.006593288
309	1	371.4639	0	371.4639	0.0001133476
310	0	-45.82671	0	-45.82671	0.006227773
311	1	371.2034	0	371.2034	0.0001190523
312	0	-46.07557	0	-46.07557	0.007690181
313	1	370.9619	0	370.9619	0.0001223313
314	0	-45.93595	0	-45.93595	0.007590972
315	1	368.8297	0	368.8297	8.816432e-05
316	0	-45.62396	0	-45.62396	0.006380095
317	1	371.2346	0	371.2346	0.0001185554
318	0	-46.01089	0	-46.01089	0.007645397
319	1	368.6278	0	368.6278	0.0001411254
320	0	-45.48488	0	-45.48488	0.00713617
321	1	370.4543	0	370.4543	0.0001276038
322	0	-45.63782	0	-45.63782	0.00636779
323	1	370.6145	0	370.6145	9.66283e-05
324	0	-45.39578	0	-45.39578	0.00691658
325	1	371.2552	0	371.2552	0.0001026289
326	0	-47.44437	0	-47.44437	0.008412612
327	1	370.6044	0	370.6044	0.0001261832
328	0	-46.70812	0	-46.70812	0.005832195
329	1	371.5016	0	371.5016	0.0001112387
330	0	-48.00497	0	-48.00497	0.005482291
331	1	369.8292	0	369.8292	0.0001328168
332	0	-46.03277	0	-46.03277	0.007660758
333	1	371.1247	0	371.1247	0.0001010033
334	0	-45.85833	0	-45.85833	0.006207899
335	1	371.0866	0	371.0866	0.0001207422
336	0	-45.55855	0	-45.55855	0.007240523
337	1	369.0215	0	369.0215	8.885467e-05
338	0	-45.55572	0	-45.55572	0.006447328
339	1	371.281	0	371.281	0.000103001
340	0	-45.86574	0	-45.86574	0.006203355
341	1	371.4202	0	371.4202	0.0001147568
342	0	-46.95703	0	-46.95703	0.005752302
343	1	370.9618	0	370.9618	9.93644e-05
344	0	-45.39609	0	-45.39609	0.006737329
345	1	371.0593	0	371.0593	0.0001003051
346	0	-47.01114	0	-47.01114	0.005735977
347	1	371.1998	0	371.1998	0.0001018919
348	0	-46.3576	0	-46.3576	0.007867769
349	1	368.1162	0	368.1162	0.0001442857
350	0	-46.48704	0	-46.48704	0.007942068
351	1	371.0633	0	371.0633	0.0001003464
352	0	-48.15136	0	-48.15136	0.005450459
353	1	371.3555	0	371.3555	0.0001163157
354	0	-45.70969	0	-45.70969	0.007402843
355	1	371.2869	0	371.2869	0.0001176578
356	0	-45.81844	0	-45.81844	0.006233095
357	1	370.3526	0	370.3526	9.496012e-05
358	0	-45.40194	0	-45.40194	0.006944805
359	1	371.3697	0	371.3697	0.0001160057
360	0	-45.5876	0	-45.5876	0.007275665
361	1	371.1308	0	371.1308	0.0001010718
362	0	-46.03017	0	-46.03017	0.00611122
363	1	371.461	0	371.461	0.0001134595
364	0	-48.53376	0	-48.53376	0.008858022
365	1	371.4967	0	371.4967	0.0001116751
366	0	-45.41469	0	-45.41469	0.006670185
367	1	371.482	0	371.482	0.0001076184
368	0	-45.41469	0	-45.41469	0.006670185
369	1	370.3727	0	370.3727	0.0001283426
370	0	-46.05342	0	-46.05342	0.007675049
371	1	371.467	0	371.467	0.000113225
372	0	-45.52864	0	-45.52864	0.006478073
373	1	370.788	0	370.788	0.0001243056
374	0	-47.96541	0	-47.96541	0.005491087
375	1	370.9779	0	370.9779	9.951249e-05
376	0	-46.64549	0	-46.64549	0.008028439
377	1	371.3135	0	371.3135	0.0001171636
378	0	-45.98331	0	-45.98331	0.007625707
379	1	371.1765	0	371.1765	0.0001016043
380	0	-46.05933	0	-46.05933	0.007679107
381	1	371.1113	0	371.1113	0.0001204038
382	0	-45.47166	0	-45.47166	0.006555251
383	1	368.8703	0	368.8703	8.830789e-05
384	0	-45.48497	0	-45.48497	0.006535211
385	1	370.681	0	370.681	0.0001254208
386	0	-45.42571	0	-45.42571	0.007018908
387	1	371.0208	0	371.0208	9.992068e-05
388	0	-45.47274	0	-45.47274	0.007115755
389	1	371.3742	0	371.3742	0.0001045885
390	0	-46.66045	0	-46.66045	0.008036366
391	1	371.4689	0	371.4689	0.0001131478
392	0	-45.54087	0	-45.54087	0.00721778
393	1	371.5073	0	371.5073	0.0001102494
394	0	-46.30049	0	-46.30049	0.00783373
395	1	371.0156	0	371.0156	0.0001216684
396	0	-45.51639	0	-45.51639	0.006493017
397	1	370.7139	0	370.7139	9.733684e-05
398	0	-45.46716	0	-45.46716	0.007105918
399	1	371.5022	0	371.5022	0.0001089449
400	0	-45.46716	0	-45.46716	0.007105918
401	1	371.2759	0	371.2759	0.0001178537
402	0	-45.7575	0	-45.7575	0.00744651
403	1	370.4689	0	370.4689	9.567011e-05
404	0	-46.0178	0	-46.0178	0.006117644
405	1	371.0307	0	371.0307	0.0001000183
406	0	-46.06318	0	-46.06318	0.007681746
407	1	371.2655	0	371.2655	0.0001180354
408	0	-46.1912	0	-46.1912	0.007766062
409	1	371.2687	0	371.2687	0.0001179799
410	0	-45.47752	0	-45.47752	0.006546237
411	1	371.4439	0	371.4439	0.000114051
412	0	-45.44649	0	-45.44649	0.007066246
413	1	371.4534	0	371.4534	0.0001137321
414	0	-45.43752	0	-45.43752	0.006615975
415	1	371.1705	0	371.1705	0.0001015332
416	0	-45.87793	0	-45.87793	0.006195958
417	1	371.3622	0	371.3622	0.0001043568
418	0	-48.48056	0	-48.48056	0.008837619
419	1	371.2755	0	371.2755	0.0001029196
420	0	-45.7912	0	-45.7912	0.007475792
421	1	371.4994	0	371.4994	0.0001086761
422	0	-45.39024	0	-45.39024	0.006774516
423	1	371.4994	0	371.4994	0.0001086761
424	0	-46.09077	0	-46.09077	0.007700439
425	1	371.4587	0	371.4587	0.0001135451
426	0	-46.60653	0	-46.60653	0.005867418
427	1	369.302	0	369.302	0.0001366581
428	0	-45.64957	0	-45.64957	0.006357644
429	1	371.5046	0	371.5046	0.000109229
430	0	-45.42941	0	-45.42941	0.006633385
431	1	371.2884	0	371.2884	0.0001031134
432	0	-45.38794	0	-45.38794	0.006852625
433	1	371.3562	0	371.3562	0.0001042451
434	0	-45.56001	0	-45.56001	0.007242348
435	1	371.1606	0	371.1606	0.000101415
436	0	-46.05817	0	-46.05817	0.007678311
437	1	370.8832	0	370.8832	0.0001232529
438	0	-45.57269	0	-45.57269	0.007257944
439	1	370.6571	0	370.6571	9.692613e-05
440	0	-45.41329	0	-45.41329	0.006674179
441	1	371.4853	0	371.4853	0.0001077809
442	0	-45.54013	0	-45.54013	0.007216798
443	1	371.4368	0	371.4368	0.0001142742
444	0	-45.58906	0	-45.58906	0.006412939
445	1	371.0204	0	371.0204	0.0001216073
446	0	-45.93225	0	-45.93225	0.007588205
447	1	370.4236	0	370.4236	0.0001278842
448	0	-47.80445	0	-47.80445	0.005527803
449	1	370.4236	0	370.4236	0.0001278842
450	0	-45.41684	0	-45.41684	0.006664264
451	1	370.2776	0	370.2776	0.0001291773
452	0	-46.23518	0	-46.23518	0.006013679
453	1	371.4891	0	371.4891	0.0001079846
454	0	-46.1633	0	-46.1633	0.007748193
455	1	370.841	0	370.841	0.0001237269
456	0	-45.62518	0	-45.62518	0.006378994
457	1	371.1071	0	371.1071	0.0001008091
458	0	-45.40193	0	-45.40193	0.006711779
459	1	371.2104	0	371.2104	0.0001020268
460	0	-45.64177	0	-45.64177	0.007335487
461	1	371.5072	0	371.5072	0.0001102866
462	0	-46.57917	0	-46.57917	0.005877203
463	1	370.5809	0	370.5809	0.0001264114
464	0	-46.10943	0	-46.10943	0.007712913
465	1	371.0617	0	371.0617	0.0001210745
466	0	-45.46113	0	-45.46113	0.007094898
467	1	371.4646	0	371.4646	0.00010691
468	0	-45.42513	0	-45.42513	0.006643285
469	1	370.2868	0	370.2868	0.0001290973
470	0	-45.38829	0	-45.38829	0.006858324
471	1	371.4857	0	371.4857	0.0001077999
472	0	-45.38829	0	-45.38829	0.006858324
473	1	371.4313	0	371.4313	0.000114438
474	0	-45.86841	0	-45.86841	0.006201725
475	1	369.4421	0	369.4421	9.049779e-05
476	0	-45.49524	0	-45.49524	0.00652072
477	1	370.6859	0	370.6859	0.0001253711
478	0	-46.12542	0	-46.12542	0.006063954
479	1	371.5074	0	371.5074	0.0001099633
480	0	-46.14923	0	-46.14923	0.00773908
481	1	371.4346	0	371.4346	0.0001059775
482	0	-45.58279	0	-45.58279	0.006419156
483	1	371.4346	0	371.4346	0.0001059775
484	0	-46.31677	0	-46.31677	0.007843518
485	1	371.1065	0	371.1065	0.0001008025
486	0	-45.48001	0	-45.48001	0.006542497
487	1	371.3953	0	371.3953	0.0001050267
488	0	-46.13442	0	-46.13442	0.007729408
489	1	371.4672	0	371.4672	0.0001070057
490	0	-46.49094	0	-46.49094	0.007944248
491	1	371.2761	0	371.2761	0.0001029295
492	0	-45.38789	0	-45.38789	0.006851617
493	1	370.9567	0	370.9567	0.0001223935
494	0	-45.84761	0	-45.84761	0.007522523
495	1	371.5074	0	371.5074	0.0001100567
496	0	-45.41838	0	-45.41838	0.006660157
497	1	371.507	0	371.507	0.0001103776
498	0	-45.76888	0	-45.76888	0.007456525
499	1	371.4704	0	371.4704	0.0001071269
500	0	-45.41867	0	-45.41867	0.006659401
501	1	371.2443	0	371.2443	0.0001183947
502	0	-46.05959	0	-46.05959	0.007679285
503	1	369.6078	0	369.6078	9.120304e-05
504	0	-45.60862	0	-45.60862	0.006394183
505	1	369.7359	0	369.7359	0.0001335258
506	0	-45.42281	0	-45.42281	0.0066489
507	1	371.157	0	371.157	0.0001197539
508	0	-45.38967	0	-45.38967	0.006874604
509	1	371.157	0	371.157	0.0001197539
510	0	-45.39391	0	-45.39391	0.006749052
511	1	370.9714	0	370.9714	0.0001222159
512	0	-45.48806	0	-45.48806	0.006530771
513	1	370.9993	0	370.9993	0.0001218732
514	0	-45.38963	0	-45.38963	0.006874227
515	1	371.5068	0	371.5068	0.0001104533
516	0	-45.39412	0	-45.39412	0.006747825
517	1	371.1145	0	371.1145	0.0001203603
518	0	-46.53396	0	-46.53396	0.00589367
519	1	371.4505	0	371.4505	0.0001138322
520	0	-45.74713	0	-45.74713	0.006281624
521	1	369.4961	0	369.4961	9.072343e-05
522	0	-45.3922	0	-45.3922	0.006895121
523	1	370.2243	0	370.2243	0.0001296339
524	0	-46.04812	0	-46.04812	0.007671399
525	1	370.7681	0	370.7681	0.0001245179
526	0	-45.76087	0	-45.76087	0.006271883
527	1	371.4284	0	371.4284	0.0001058118
528	0	-45.5893	0	-45.5893	0.007277651
529	1	371.3427	0	371.3427	0.0001165858
530	0	-45.39213	0	-45.39213	0.006760124
531	1	370.9301	0	370.9301	9.907874e-05
532	0	-47.48867	0	-47.48867	0.008432113
533	1	369.2718	0	369.2718	0.0001368669
534	0	-46.23191	0	-46.23191	0.007791684
535	1	371.4922	0	371.4922	0.0001081631
536	0	-45.97422	0	-45.97422	0.007619136
537	1	371.3895	0	371.3895	0.0001155475
538	0	-45.43461	0	-45.43461	0.007040393
539	1	371.4885	0	371.4885	0.0001122131
540	0	-46.14229	0	-46.14229	0.007734559
541	1	371.3649	0	371.3649	0.0001044072
542	0	-46.65493	0	-46.65493	0.005850423
543	1	371.4543	0	371.4543	0.0001137011
544	0	-45.40729	0	-45.40729	0.006692681
545	1	371.3246	0	371.3246	0.0001036879
546	0	-45.65	0	-45.65	0.00734405
547	1	371.2819	0	371.2819	0.0001177466
548	0	-45.38737	0	-45.38737	0.006838335
549	1	371.5061	0	371.5061	0.0001094933
550	0	-45.80894	0	-45.80894	0.007490784
551	1	371.4596	0	371.4596	0.0001067364
552	0	-45.56775	0	-45.56775	0.006434535
553	1	371.2266	0	371.2266	0.0001186845
554	0	-46.43356	0	-46.43356	0.005931678
555	1	371.4639	0	371.4639	0.0001068853
556	0	-45.57441	0	-45.57441	0.00726002
557	1	371.4639	0	371.4639	0.0001068853
558	0	-45.4093	0	-45.4093	0.006971671
559	1	371.3844	0	371.3844	0.0001047964
560	0	-45.79431	0	-45.79431	0.007478442
561	1	370.877	0	370.877	0.0001233238
562	0	-45.44858	0	-45.44858	0.00707053
563	1	371.4845	0	371.4845	0.0001077426
564	0	-46.70343	0	-46.70343	0.005833784
565	1	371.0249	0	371.0249	0.0001215509
566	0	-45.51042	0	-45.51042	0.00717554
567	1	371.423	0	371.423	0.0001056741
568	0	-45.42501	0	-45.42501	0.007017125
569	1	370.7755	0	370.7755	9.780137e-05
570	0	-45.40755	0	-45.40755	0.006965758
571	1	370.8858	0	370.8858	9.869492e-05
572	0	-46.13931	0	-46.13931	0.00773261
573	1	371.4944	0	371.4944	0.0001118392
574	0	-45.46373	0	-45.46373	0.006567993
575	1	369.6458	0	369.6458	9.136992e-05
576	0	-45.50834	0	-45.50834	0.00650325
577	1	371.5064	0	371.5064	0.000109568
578	0	-47.82614	0	-47.82614	0.008576212
579	1	371.5074	0	371.5074	0.0001101122
580	0	-45.4016	0	-45.4016	0.006943429
581	1	371.2075	0	371.2075	0.00010199
582	0	-45.49973	0	-45.49973	0.006514608
583	1	371.487	0	371.487	0.0001078686
584	0	-45.41673	0	-45.41673	0.006994651
585	1	371.0835	0	371.0835	0.0001207843
586	0	-45.65383	0	-45.65383	0.007347983
587	1	370.9036	0	370.9036	0.0001230194
588	0	-45.63922	0	-45.63922	0.006366564
589	1	370.5006	0	370.5006	0.000127175
590	0	-45.38768	0	-45.38768	0.006806501
591	1	371.1886	0	371.1886	0.0001017532
592	0	-45.62767	0	-45.62767	0.006376761
593	1	371.5032	0	371.5032	0.0001090543
594	0	-45.45137	0	-45.45137	0.006589312
595	1	371.2293	0	371.2293	0.0001022746
596	0	-45.65868	0	-45.65868	0.006349947
597	1	371.2878	0	371.2878	0.0001176413
598	0	-45.90267	0	-45.90267	0.006181261
599	1	371.2878	0	371.2878	0.0001176413
600	0	-45.39592	0	-45.39592	0.00691728
601	1	370.7837	0	370.7837	0.000124352
